> Task :app:preBuild UP-TO-DATE
> Task :app:preDebugBuild UP-TO-DATE
> Task :app:mergeDebugNativeDebugMetadata NO-SOURCE
> Task :app:checkKotlinGradlePluginConfigurationErrors
> Task :app:dataBindingMergeDependencyArtifactsDebug UP-TO-DATE
> Task :app:generateDebugResValues UP-TO-DATE
> Task :app:generateDebugResources UP-TO-DATE
> Task :app:mergeDebugResources UP-TO-DATE
> Task :app:packageDebugResources UP-TO-DATE
> Task :app:parseDebugLocalResources UP-TO-DATE
> Task :app:dataBindingGenBaseClassesDebug UP-TO-DATE
> Task :app:checkDebugAarMetadata UP-TO-DATE
> Task :app:mapDebugSourceSetPaths UP-TO-DATE
> Task :app:createDebugCompatibleScreenManifests UP-TO-DATE
> Task :app:extractDeepLinksDebug UP-TO-DATE
> Task :app:processDebugMainManifest UP-TO-DATE
> Task :app:processDebugManifest UP-TO-DATE
> Task :app:processDebugManifestForPackage UP-TO-DATE
> Task :app:javaPreCompileDebug UP-TO-DATE
> Task :app:mergeDebugShaders UP-TO-DATE
> Task :app:compileDebugShaders NO-SOURCE
> Task :app:generateDebugAssets UP-TO-DATE
> Task :app:mergeDebugAssets UP-TO-DATE
> Task :app:compressDebugAssets UP-TO-DATE
> Task :app:desugarDebugFileDependencies UP-TO-DATE
> Task :app:checkDebugDuplicateClasses UP-TO-DATE
> Task :app:mergeExtDexDebug UP-TO-DATE
> Task :app:mergeLibDexDebug UP-TO-DATE
> Task :app:mergeDebugJniLibFolders UP-TO-DATE
> Task :app:mergeDebugNativeLibs NO-SOURCE
> Task :app:stripDebugDebugSymbols NO-SOURCE
> Task :app:validateSigningDebug UP-TO-DATE
> Task :app:writeDebugAppMetadata UP-TO-DATE
> Task :app:writeDebugSigningConfigVersions UP-TO-DATE
> Task :app:processDebugResources FAILED
.\gradlew : 
At line:1 char:1
+ .\gradlew assembleDebug 2>&1 | 
Out-File -FilePath build_output.txt; G 
...
+ ~~~~~~~~~~~~~~~~~~~~~~~~~~~~
    + CategoryInfo          : NotSpeci 
   fied: (:String) [], RemoteExceptio  
  n
    + FullyQualifiedErrorId : NativeCo 
   mmandError
 
FAILURE: Build failed with an 
exception.

* What went wrong:
Execution failed for task 
':app:processDebugResources'.
> A failure occurred while executing co
m.android.build.gradle.internal.res.Lin
kApplicationAndroidResourcesTask$TaskAc
tion
   > Android resource linking failed
     ERROR: D:\meeting alarm\MeetingAla
rmApp\app\src\main\res\drawable\event_c
ard_background.xml:20: AAPT: error: 
'calc(100% - 4dp)' is incompatible 
with attribute right (attr) dimension.
         
     ERROR: D:\meeting alarm\MeetingAla
rmApp\app\src\main\res\drawable\gradien
t_button_modern.xml:32: AAPT: error: 
'50%' is incompatible with attribute 
bottom (attr) dimension.
         

* Try:
> Run with --stacktrace option to get 
the stack trace.
> Run with --info or --debug option to 
get more log output.
> Run with --scan to get full insights.
> Get more help at 
https://help.gradle.org.

BUILD FAILED in 28s
27 actionable tasks: 2 executed, 25 up-to-date
